---
source: tests/langs/mod.rs
expression: inscope_parts
---
[]
