---
source: tests/langs/mod.rs
expression: inscope_parts
---
- n: 70
  l: "auto lambda = [](int a, int b) { return a + b; };\n"
  m: "              ^^^^^^^^^^^^^^^^^^^^^^^^^^^^^^^^^^   "
