---
source: tests/cli.rs
expression: "CommandResult { args, stdin: stdin.into(), stdout, exit_code }"
---
args:
  - "--fail-any"
  - A
stdin: XYZ
stdout: XYZ
exit_code: 0
