---
source: tests/cli.rs
expression: "CommandSnap {\n    args,\n    stdin: stdin.split_inclusive('\\n').map(|s| s.to_owned()).collect_vec(),\n    stdout: stdout.split_inclusive('\\n').map(|s| s.to_owned()).collect_vec(),\n    exit_code,\n}"
info:
  stderr: ""
---
args:
  - "--fail-none"
  - X
stdin:
  - XYZ
stdout:
  - XYZ
exit_code: 0
